2025-03-03 13:06:00 | WARN | repo=a4m36jee-2014-management-seminar | action=pull
2025-05-25 19:12:00 | DEBUG | repo=a4m36jee-2014-management-seminar | action=commit
2025-08-03 15:02:00 | DEBUG | repo=a4m36jee-2014-management-seminar | action=commit
2025-03-07 07:52:00 | INFO | repo=a4m36jee-2014-management-seminar | action=commit
2025-08-15 20:19:00 | INFO | repo=a4m36jee-2014-management-seminar | action=commit
2025-10-11 09:15:00 | DEBUG | repo=a4m36jee-2014-management-seminar | action=commit
2025-07-03 18:51:00 | DEBUG | repo=a4m36jee-2014-management-seminar | action=pull
2025-02-27 17:16:00 | DEBUG | repo=a4m36jee-2014-management-seminar | action=commit
2025-12-13 16:14:00 | DEBUG | repo=a4m36jee-2014-management-seminar | action=commit
2025-12-03 19:22:00 | WARN | repo=a4m36jee-2014-management-seminar | action=commit
2025-08-25 15:07:00 | WARN | repo=a4m36jee-2014-management-seminar | action=pull
2025-09-04 16:59:00 | WARN | repo=a4m36jee-2014-management-seminar | action=commit
2025-07-26 12:11:00 | DEBUG | repo=a4m36jee-2014-management-seminar | action=commit
2025-07-12 14:03:00 | INFO | repo=a4m36jee-2014-management-seminar | action=commit
2025-12-11 21:58:00 | DEBUG | repo=a4m36jee-2014-management-seminar | action=commit
2025-01-03 15:55:00 | INFO | repo=a4m36jee-2014-management-seminar | action=commit
2025-04-17 12:20:00 | DEBUG | repo=a4m36jee-2014-management-seminar | action=commit
2025-02-09 09:45:00 | WARN | repo=a4m36jee-2014-management-seminar | action=commit
2025-05-05 08:58:00 | WARN | repo=a4m36jee-2014-management-seminar | action=commit
2025-02-03 18:53:00 | DEBUG | repo=a4m36jee-2014-management-seminar | action=test | passed=true
2025-04-12 13:54:00 | WARN | repo=a4m36jee-2014-management-seminar | action=commit
2025-05-25 09:36:00 | INFO | repo=a4m36jee-2014-management-seminar | action=test | passed=true
2025-11-26 12:24:00 | WARN | repo=a4m36jee-2014-management-seminar | action=edit | files=5
2025-02-14 07:05:00 | INFO | repo=a4m36jee-2014-management-seminar | action=commit
2025-03-13 11:31:00 | INFO | repo=a4m36jee-2014-management-seminar | action=edit | files=5
2025-12-01 20:13:00 | WARN | repo=a4m36jee-2014-management-seminar | action=commit
